// Jest Snapshot v1, https://goo.gl/fbAQLP

exports[`Sidebar Component should render 1`] = `<Sidebar />`;
